// Jest Snapshot v1, https://goo.gl/fbAQLP

exports[`Home Screen Should open HomeScreen 1`] = `null`;
